<?xml version="1.0" encoding="UTF-8"?>
<testsuites>
    <testsuite name="searching-for-vote-cards-app;google-search-for-course-of-life-app" tests="2" failures="0" skipped="0">
        <properties>
            <property name="@search" value="true">
            </property>
            <property name="URI" value="/Users/stevesmith/Documents/code/playtime/bdd-sample/features/google-search.feature">
            </property>
        </properties>
        <testcase name="When I search Google for &quot;CourseOf.Life&quot;" classname="searching-for-vote-cards-app;google-search-for-course-of-life-app" time="4.706090364">
        </testcase>
        <testcase name="Then I should see some results" classname="searching-for-vote-cards-app;google-search-for-course-of-life-app" time="0.02196682">
        </testcase>
    </testsuite>
</testsuites>